2026-06-19 07:30:20 [INFO ] [main] com.sena.springpoo.SpringpooApplication — Starting SpringpooApplication using Java 25.0.2 with PID 13172 (C:\Users\Jeronimo Gil\Downloads\springpoo-master\springpoo-master\target\classes started by Jeronimo Gil in C:\Users\Jeronimo Gil\Downloads\springpoo-master\springpoo-master)
2026-06-19 07:30:20 [DEBUG] [main] com.sena.springpoo.SpringpooApplication — Running with Spring Boot v4.0.3, Spring v7.0.5
2026-06-19 07:30:20 [INFO ] [main] com.sena.springpoo.SpringpooApplication — No active profile set, falling back to 1 default profile: "default"
2026-06-19 07:30:23 [INFO ] [main] org.springframework.boot.tomcat.TomcatWebServer — Tomcat initialized with port 8080 (http)
2026-06-19 07:30:23 [INFO ] [main] org.apache.coyote.http11.Http11NioProtocol — Initializing ProtocolHandler ["http-nio-8080"]
2026-06-19 07:30:23 [INFO ] [main] org.apache.catalina.core.StandardService — Starting service [Tomcat]
2026-06-19 07:30:23 [INFO ] [main] org.apache.catalina.core.StandardEngine — Starting Servlet engine: [Apache Tomcat/11.0.18]
2026-06-19 07:30:23 [INFO ] [main] org.springframework.boot.web.context.servlet.WebApplicationContextInitializer — Root WebApplicationContext: initialization completed in 2691 ms
2026-06-19 07:30:23 [INFO ] [main] com.zaxxer.hikari.HikariDataSource — HikariPool-1 - Starting...
2026-06-19 07:30:24 [INFO ] [main] com.zaxxer.hikari.pool.HikariPool — HikariPool-1 - Added connection com.mysql.cj.jdbc.ConnectionImpl@580902cd
2026-06-19 07:30:24 [INFO ] [main] com.zaxxer.hikari.HikariDataSource — HikariPool-1 - Start completed.
2026-06-19 07:30:25 [INFO ] [main] org.apache.coyote.http11.Http11NioProtocol — Starting ProtocolHandler ["http-nio-8080"]
2026-06-19 07:30:25 [INFO ] [main] org.springframework.boot.tomcat.TomcatWebServer — Tomcat started on port 8080 (http) with context path '/'
2026-06-19 07:30:25 [INFO ] [main] com.sena.springpoo.SpringpooApplication — Started SpringpooApplication in 5.311 seconds (process running for 14.544)
2026-06-19 07:30:25 [INFO ] [main] com.sena.springpoo.SpringpooApplication — ✅ SENA Store iniciada correctamente
2026-06-19 07:30:48 [INFO ] [http-nio-8080-exec-1] org.apache.catalina.core.ContainerBase.[Tomcat].[localhost].[/] — Initializing Spring DispatcherServlet 'dispatcherServlet'
2026-06-19 07:30:48 [INFO ] [http-nio-8080-exec-1] org.springframework.web.servlet.DispatcherServlet — Initializing Servlet 'dispatcherServlet'
2026-06-19 07:30:48 [INFO ] [http-nio-8080-exec-1] org.springframework.web.servlet.DispatcherServlet — Completed initialization in 4 ms
2026-06-19 07:30:48 [INFO ] [http-nio-8080-exec-1] com.sena.springpoo.filter.RateLimitFilter — 🪣 Nuevo bucket creado para IP: 0:0:0:0:0:0:0:1
2026-06-19 07:30:48 [DEBUG] [http-nio-8080-exec-1] com.sena.springpoo.filter.RateLimitFilter — ✅ Rate limit OK | IP=0:0:0:0:0:0:0:1 | URI=/nuevo/prueba | tokens restantes=9
2026-06-19 07:30:49 [DEBUG] [http-nio-8080-exec-2] com.sena.springpoo.filter.RateLimitFilter — ✅ Rate limit OK | IP=0:0:0:0:0:0:0:1 | URI=/nuevo/productos | tokens restantes=8
2026-06-19 07:30:49 [DEBUG] [http-nio-8080-exec-3] com.sena.springpoo.filter.RateLimitFilter — ✅ Rate limit OK | IP=0:0:0:0:0:0:0:1 | URI=/nuevo/usuarios | tokens restantes=7
2026-06-19 08:32:32 [WARN ] [HikariPool-1:housekeeper] com.zaxxer.hikari.pool.HikariPool — HikariPool-1 - Thread starvation or clock leap detected (housekeeper delta=19m8s136ms350µs900ns).
2026-06-19 09:08:03 [DEBUG] [http-nio-8080-exec-8] com.sena.springpoo.filter.RateLimitFilter — ✅ Rate limit OK | IP=0:0:0:0:0:0:0:1 | URI=/nuevo/prueba | tokens restantes=9
2026-06-19 09:08:04 [DEBUG] [http-nio-8080-exec-9] com.sena.springpoo.filter.RateLimitFilter — ✅ Rate limit OK | IP=0:0:0:0:0:0:0:1 | URI=/nuevo/productos | tokens restantes=8
2026-06-19 09:08:04 [DEBUG] [http-nio-8080-exec-10] com.sena.springpoo.filter.RateLimitFilter — ✅ Rate limit OK | IP=0:0:0:0:0:0:0:1 | URI=/nuevo/usuarios | tokens restantes=7
2026-06-19 09:10:14 [DEBUG] [http-nio-8080-exec-3] com.sena.springpoo.filter.RateLimitFilter — ✅ Rate limit OK | IP=0:0:0:0:0:0:0:1 | URI=/nuevo/productos | tokens restantes=9
2026-06-19 09:10:18 [DEBUG] [http-nio-8080-exec-2] com.sena.springpoo.filter.RateLimitFilter — ✅ Rate limit OK | IP=0:0:0:0:0:0:0:1 | URI=/nuevo/productos | tokens restantes=8
2026-06-19 09:10:18 [DEBUG] [http-nio-8080-exec-7] com.sena.springpoo.filter.RateLimitFilter — ✅ Rate limit OK | IP=0:0:0:0:0:0:0:1 | URI=/nuevo/usuarios | tokens restantes=7
2026-06-19 09:10:18 [DEBUG] [http-nio-8080-exec-5] com.sena.springpoo.filter.RateLimitFilter — ✅ Rate limit OK | IP=0:0:0:0:0:0:0:1 | URI=/nuevo/usuarios-productos | tokens restantes=6
2026-06-19 09:10:44 [DEBUG] [http-nio-8080-exec-6] com.sena.springpoo.filter.RateLimitFilter — ✅ Rate limit OK | IP=0:0:0:0:0:0:0:1 | URI=/nuevo/prueba | tokens restantes=9
2026-06-19 09:10:44 [DEBUG] [http-nio-8080-exec-8] com.sena.springpoo.filter.RateLimitFilter — ✅ Rate limit OK | IP=0:0:0:0:0:0:0:1 | URI=/nuevo/prueba | tokens restantes=8
2026-06-19 09:10:44 [DEBUG] [http-nio-8080-exec-10] com.sena.springpoo.filter.RateLimitFilter — ✅ Rate limit OK | IP=0:0:0:0:0:0:0:1 | URI=/nuevo/prueba | tokens restantes=7
2026-06-19 09:10:44 [DEBUG] [http-nio-8080-exec-9] com.sena.springpoo.filter.RateLimitFilter — ✅ Rate limit OK | IP=0:0:0:0:0:0:0:1 | URI=/nuevo/prueba | tokens restantes=6
2026-06-19 09:10:44 [DEBUG] [http-nio-8080-exec-1] com.sena.springpoo.filter.RateLimitFilter — ✅ Rate limit OK | IP=0:0:0:0:0:0:0:1 | URI=/nuevo/productos | tokens restantes=4
2026-06-19 09:10:44 [DEBUG] [http-nio-8080-exec-4] com.sena.springpoo.filter.RateLimitFilter — ✅ Rate limit OK | IP=0:0:0:0:0:0:0:1 | URI=/nuevo/usuarios | tokens restantes=5
2026-06-19 09:10:44 [DEBUG] [http-nio-8080-exec-3] com.sena.springpoo.filter.RateLimitFilter — ✅ Rate limit OK | IP=0:0:0:0:0:0:0:1 | URI=/nuevo/prueba | tokens restantes=3
2026-06-19 09:10:44 [DEBUG] [http-nio-8080-exec-7] com.sena.springpoo.filter.RateLimitFilter — ✅ Rate limit OK | IP=0:0:0:0:0:0:0:1 | URI=/nuevo/productos | tokens restantes=2
2026-06-19 09:10:44 [DEBUG] [http-nio-8080-exec-2] com.sena.springpoo.filter.RateLimitFilter — ✅ Rate limit OK | IP=0:0:0:0:0:0:0:1 | URI=/nuevo/usuarios | tokens restantes=1
2026-06-19 09:10:45 [DEBUG] [http-nio-8080-exec-5] com.sena.springpoo.filter.RateLimitFilter — ✅ Rate limit OK | IP=0:0:0:0:0:0:0:1 | URI=/nuevo/prueba | tokens restantes=0
2026-06-19 09:10:45 [WARN ] [http-nio-8080-exec-10] com.sena.springpoo.filter.RateLimitFilter — 🚫 Rate limit SUPERADO | IP=0:0:0:0:0:0:0:1 | URI=/nuevo/usuarios | método=GET
2026-06-19 09:10:45 [WARN ] [http-nio-8080-exec-8] com.sena.springpoo.filter.RateLimitFilter — 🚫 Rate limit SUPERADO | IP=0:0:0:0:0:0:0:1 | URI=/nuevo/productos | método=GET
2026-06-19 09:10:45 [WARN ] [http-nio-8080-exec-9] com.sena.springpoo.filter.RateLimitFilter — 🚫 Rate limit SUPERADO | IP=0:0:0:0:0:0:0:1 | URI=/nuevo/prueba | método=GET
2026-06-19 09:10:45 [WARN ] [http-nio-8080-exec-6] com.sena.springpoo.filter.RateLimitFilter — 🚫 Rate limit SUPERADO | IP=0:0:0:0:0:0:0:1 | URI=/nuevo/prueba | método=GET
2026-06-19 09:10:45 [WARN ] [http-nio-8080-exec-1] com.sena.springpoo.filter.RateLimitFilter — 🚫 Rate limit SUPERADO | IP=0:0:0:0:0:0:0:1 | URI=/nuevo/prueba | método=GET
2026-06-19 09:10:45 [WARN ] [http-nio-8080-exec-4] com.sena.springpoo.filter.RateLimitFilter — 🚫 Rate limit SUPERADO | IP=0:0:0:0:0:0:0:1 | URI=/nuevo/prueba | método=GET
2026-06-19 09:10:47 [WARN ] [http-nio-8080-exec-3] com.sena.springpoo.filter.RateLimitFilter — 🚫 Rate limit SUPERADO | IP=0:0:0:0:0:0:0:1 | URI=/nuevo/prueba | método=GET
2026-06-19 09:10:47 [WARN ] [http-nio-8080-exec-2] com.sena.springpoo.filter.RateLimitFilter — 🚫 Rate limit SUPERADO | IP=0:0:0:0:0:0:0:1 | URI=/nuevo/prueba | método=GET
2026-06-19 09:10:47 [WARN ] [http-nio-8080-exec-7] com.sena.springpoo.filter.RateLimitFilter — 🚫 Rate limit SUPERADO | IP=0:0:0:0:0:0:0:1 | URI=/nuevo/prueba | método=GET
2026-06-19 09:10:47 [WARN ] [http-nio-8080-exec-5] com.sena.springpoo.filter.RateLimitFilter — 🚫 Rate limit SUPERADO | IP=0:0:0:0:0:0:0:1 | URI=/nuevo/prueba | método=GET
2026-06-19 09:10:47 [WARN ] [http-nio-8080-exec-10] com.sena.springpoo.filter.RateLimitFilter — 🚫 Rate limit SUPERADO | IP=0:0:0:0:0:0:0:1 | URI=/nuevo/prueba | método=GET
2026-06-19 09:10:47 [WARN ] [http-nio-8080-exec-8] com.sena.springpoo.filter.RateLimitFilter — 🚫 Rate limit SUPERADO | IP=0:0:0:0:0:0:0:1 | URI=/nuevo/prueba | método=GET
2026-06-19 09:10:53 [DEBUG] [http-nio-8080-exec-9] com.sena.springpoo.filter.RateLimitFilter — ✅ Rate limit OK | IP=0:0:0:0:0:0:0:1 | URI=/nuevo/prueba | tokens restantes=0
2026-06-19 09:10:53 [WARN ] [http-nio-8080-exec-6] com.sena.springpoo.filter.RateLimitFilter — 🚫 Rate limit SUPERADO | IP=0:0:0:0:0:0:0:1 | URI=/nuevo/productos | método=GET
2026-06-19 09:10:53 [WARN ] [http-nio-8080-exec-1] com.sena.springpoo.filter.RateLimitFilter — 🚫 Rate limit SUPERADO | IP=0:0:0:0:0:0:0:1 | URI=/nuevo/usuarios | método=GET
2026-06-19 09:11:46 [DEBUG] [http-nio-8080-exec-4] com.sena.springpoo.filter.RateLimitFilter — ✅ Rate limit OK | IP=0:0:0:0:0:0:0:1 | URI=/nuevo/prueba | tokens restantes=8
2026-06-19 09:11:46 [DEBUG] [http-nio-8080-exec-2] com.sena.springpoo.filter.RateLimitFilter — ✅ Rate limit OK | IP=0:0:0:0:0:0:0:1 | URI=/nuevo/usuarios | tokens restantes=7
2026-06-19 09:11:46 [DEBUG] [http-nio-8080-exec-3] com.sena.springpoo.filter.RateLimitFilter — ✅ Rate limit OK | IP=0:0:0:0:0:0:0:1 | URI=/nuevo/productos | tokens restantes=6
2026-06-19 09:11:57 [DEBUG] [http-nio-8080-exec-7] com.sena.springpoo.filter.RateLimitFilter — ✅ Rate limit OK | IP=0:0:0:0:0:0:0:1 | URI=/nuevo/usuarios-productos | tokens restantes=7
2026-06-19 09:17:35 [DEBUG] [http-nio-8080-exec-8] com.sena.springpoo.filter.RateLimitFilter — ✅ Rate limit OK | IP=0:0:0:0:0:0:0:1 | URI=/nuevo/productos/1 | tokens restantes=9
2026-06-19 09:17:35 [DEBUG] [http-nio-8080-exec-9] com.sena.springpoo.filter.RateLimitFilter — ✅ Rate limit OK | IP=0:0:0:0:0:0:0:1 | URI=/nuevo/productos | tokens restantes=8
2026-06-19 09:21:14 [WARN ] [HikariPool-1:housekeeper] com.zaxxer.hikari.pool.PoolBase — HikariPool-1 - Failed to validate connection com.mysql.cj.jdbc.ConnectionImpl@722613e6 (No operations allowed after connection closed.). Possibly consider using a shorter maxLifetime value.
2026-06-19 09:21:18 [WARN ] [HikariPool-1:housekeeper] com.zaxxer.hikari.pool.PoolBase — HikariPool-1 - Failed to validate connection com.mysql.cj.jdbc.ConnectionImpl@736d646a (No operations allowed after connection closed.). Possibly consider using a shorter maxLifetime value.
2026-06-19 09:21:19 [DEBUG] [http-nio-8080-exec-1] com.sena.springpoo.filter.RateLimitFilter — ✅ Rate limit OK | IP=0:0:0:0:0:0:0:1 | URI=/nuevo/productos | tokens restantes=9
2026-06-19 09:21:19 [WARN ] [http-nio-8080-exec-1] com.zaxxer.hikari.pool.PoolBase — HikariPool-1 - Failed to validate connection com.mysql.cj.jdbc.ConnectionImpl@a493c30 (No operations allowed after connection closed.). Possibly consider using a shorter maxLifetime value.
2026-06-19 09:21:19 [WARN ] [http-nio-8080-exec-1] com.zaxxer.hikari.pool.PoolBase — HikariPool-1 - Failed to validate connection com.mysql.cj.jdbc.ConnectionImpl@6d538e9 (No operations allowed after connection closed.). Possibly consider using a shorter maxLifetime value.
2026-06-19 09:21:19 [WARN ] [http-nio-8080-exec-1] com.zaxxer.hikari.pool.PoolBase — HikariPool-1 - Failed to validate connection com.mysql.cj.jdbc.ConnectionImpl@790cbf8d (No operations allowed after connection closed.). Possibly consider using a shorter maxLifetime value.
2026-06-19 09:21:19 [WARN ] [http-nio-8080-exec-1] com.zaxxer.hikari.pool.PoolBase — HikariPool-1 - Failed to validate connection com.mysql.cj.jdbc.ConnectionImpl@64d9247e (No operations allowed after connection closed.). Possibly consider using a shorter maxLifetime value.
2026-06-19 09:21:19 [WARN ] [http-nio-8080-exec-1] com.zaxxer.hikari.pool.PoolBase — HikariPool-1 - Failed to validate connection com.mysql.cj.jdbc.ConnectionImpl@27b23c69 (No operations allowed after connection closed.). Possibly consider using a shorter maxLifetime value.
2026-06-19 09:21:19 [WARN ] [http-nio-8080-exec-1] com.zaxxer.hikari.pool.PoolBase — HikariPool-1 - Failed to validate connection com.mysql.cj.jdbc.ConnectionImpl@80f4a06 (No operations allowed after connection closed.). Possibly consider using a shorter maxLifetime value.
2026-06-19 09:21:19 [WARN ] [http-nio-8080-exec-1] com.zaxxer.hikari.pool.PoolBase — HikariPool-1 - Failed to validate connection com.mysql.cj.jdbc.ConnectionImpl@14636c5d (No operations allowed after connection closed.). Possibly consider using a shorter maxLifetime value.
2026-06-19 09:21:19 [WARN ] [http-nio-8080-exec-1] com.zaxxer.hikari.pool.PoolBase — HikariPool-1 - Failed to validate connection com.mysql.cj.jdbc.ConnectionImpl@3934507b (No operations allowed after connection closed.). Possibly consider using a shorter maxLifetime value.
2026-06-19 09:21:19 [DEBUG] [http-nio-8080-exec-4] com.sena.springpoo.filter.RateLimitFilter — ✅ Rate limit OK | IP=0:0:0:0:0:0:0:1 | URI=/nuevo/productos | tokens restantes=8
2026-06-19 09:21:19 [DEBUG] [http-nio-8080-exec-2] com.sena.springpoo.filter.RateLimitFilter — ✅ Rate limit OK | IP=0:0:0:0:0:0:0:1 | URI=/nuevo/productos | tokens restantes=7
2026-06-19 09:21:19 [DEBUG] [http-nio-8080-exec-3] com.sena.springpoo.filter.RateLimitFilter — ✅ Rate limit OK | IP=0:0:0:0:0:0:0:1 | URI=/nuevo/productos | tokens restantes=6
2026-06-19 09:21:19 [DEBUG] [http-nio-8080-exec-7] com.sena.springpoo.filter.RateLimitFilter — ✅ Rate limit OK | IP=0:0:0:0:0:0:0:1 | URI=/nuevo/productos | tokens restantes=5
2026-06-19 09:21:20 [DEBUG] [http-nio-8080-exec-5] com.sena.springpoo.filter.RateLimitFilter — ✅ Rate limit OK | IP=0:0:0:0:0:0:0:1 | URI=/nuevo/productos | tokens restantes=4
2026-06-19 09:21:49 [DEBUG] [http-nio-8080-exec-10] com.sena.springpoo.filter.RateLimitFilter — ✅ Rate limit OK | IP=0:0:0:0:0:0:0:1 | URI=/nuevo/productos | tokens restantes=8
2026-06-19 09:21:49 [DEBUG] [http-nio-8080-exec-8] com.sena.springpoo.filter.RateLimitFilter — ✅ Rate limit OK | IP=0:0:0:0:0:0:0:1 | URI=/nuevo/productos | tokens restantes=7
2026-06-19 09:21:49 [DEBUG] [http-nio-8080-exec-9] com.sena.springpoo.filter.RateLimitFilter — ✅ Rate limit OK | IP=0:0:0:0:0:0:0:1 | URI=/nuevo/productos | tokens restantes=6
2026-06-19 09:21:49 [DEBUG] [http-nio-8080-exec-6] com.sena.springpoo.filter.RateLimitFilter — ✅ Rate limit OK | IP=0:0:0:0:0:0:0:1 | URI=/nuevo/productos | tokens restantes=5
2026-06-19 09:21:49 [DEBUG] [http-nio-8080-exec-1] com.sena.springpoo.filter.RateLimitFilter — ✅ Rate limit OK | IP=0:0:0:0:0:0:0:1 | URI=/nuevo/productos | tokens restantes=4
2026-06-19 09:21:50 [DEBUG] [http-nio-8080-exec-4] com.sena.springpoo.filter.RateLimitFilter — ✅ Rate limit OK | IP=0:0:0:0:0:0:0:1 | URI=/nuevo/productos | tokens restantes=3
2026-06-19 09:22:00 [DEBUG] [http-nio-8080-exec-5] com.sena.springpoo.filter.RateLimitFilter — ✅ Rate limit OK | IP=0:0:0:0:0:0:0:1 | URI=/nuevo/productos | tokens restantes=2
2026-06-19 09:22:00 [DEBUG] [http-nio-8080-exec-3] com.sena.springpoo.filter.RateLimitFilter — ✅ Rate limit OK | IP=0:0:0:0:0:0:0:1 | URI=/nuevo/productos | tokens restantes=0
2026-06-19 09:22:00 [DEBUG] [http-nio-8080-exec-7] com.sena.springpoo.filter.RateLimitFilter — ✅ Rate limit OK | IP=0:0:0:0:0:0:0:1 | URI=/nuevo/productos | tokens restantes=3
2026-06-19 09:22:00 [WARN ] [http-nio-8080-exec-10] com.sena.springpoo.filter.RateLimitFilter — 🚫 Rate limit SUPERADO | IP=0:0:0:0:0:0:0:1 | URI=/nuevo/productos | método=POST
2026-06-19 09:22:00 [DEBUG] [http-nio-8080-exec-2] com.sena.springpoo.filter.RateLimitFilter — ✅ Rate limit OK | IP=0:0:0:0:0:0:0:1 | URI=/nuevo/productos | tokens restantes=1
2026-06-19 09:22:00 [WARN ] [http-nio-8080-exec-9] com.sena.springpoo.filter.RateLimitFilter — 🚫 Rate limit SUPERADO | IP=0:0:0:0:0:0:0:1 | URI=/nuevo/productos | método=POST
2026-06-19 09:22:00 [WARN ] [http-nio-8080-exec-8] com.sena.springpoo.filter.RateLimitFilter — 🚫 Rate limit SUPERADO | IP=0:0:0:0:0:0:0:1 | URI=/nuevo/productos | método=POST
2026-06-19 09:22:00 [WARN ] [http-nio-8080-exec-6] com.sena.springpoo.filter.RateLimitFilter — 🚫 Rate limit SUPERADO | IP=0:0:0:0:0:0:0:1 | URI=/nuevo/productos | método=POST
2026-06-19 09:22:00 [WARN ] [http-nio-8080-exec-1] com.sena.springpoo.filter.RateLimitFilter — 🚫 Rate limit SUPERADO | IP=0:0:0:0:0:0:0:1 | URI=/nuevo/productos | método=POST
2026-06-19 09:22:00 [WARN ] [http-nio-8080-exec-6] com.sena.springpoo.filter.RateLimitFilter — 🚫 Rate limit SUPERADO | IP=0:0:0:0:0:0:0:1 | URI=/nuevo/productos | método=POST
2026-06-19 09:22:00 [WARN ] [http-nio-8080-exec-9] com.sena.springpoo.filter.RateLimitFilter — 🚫 Rate limit SUPERADO | IP=0:0:0:0:0:0:0:1 | URI=/nuevo/productos | método=POST
2026-06-19 09:22:00 [WARN ] [http-nio-8080-exec-10] com.sena.springpoo.filter.RateLimitFilter — 🚫 Rate limit SUPERADO | IP=0:0:0:0:0:0:0:1 | URI=/nuevo/productos | método=POST
2026-06-19 09:22:00 [WARN ] [http-nio-8080-exec-8] com.sena.springpoo.filter.RateLimitFilter — 🚫 Rate limit SUPERADO | IP=0:0:0:0:0:0:0:1 | URI=/nuevo/productos | método=POST
2026-06-19 09:22:00 [WARN ] [http-nio-8080-exec-2] com.sena.springpoo.filter.RateLimitFilter — 🚫 Rate limit SUPERADO | IP=0:0:0:0:0:0:0:1 | URI=/nuevo/productos | método=POST
2026-06-19 09:22:00 [WARN ] [http-nio-8080-exec-7] com.sena.springpoo.filter.RateLimitFilter — 🚫 Rate limit SUPERADO | IP=0:0:0:0:0:0:0:1 | URI=/nuevo/productos | método=GET
2026-06-19 09:22:00 [WARN ] [http-nio-8080-exec-1] com.sena.springpoo.filter.RateLimitFilter — 🚫 Rate limit SUPERADO | IP=0:0:0:0:0:0:0:1 | URI=/nuevo/productos | método=POST
2026-06-19 09:22:00 [WARN ] [http-nio-8080-exec-4] com.sena.springpoo.filter.RateLimitFilter — 🚫 Rate limit SUPERADO | IP=0:0:0:0:0:0:0:1 | URI=/nuevo/usuarios | método=GET
2026-06-19 09:22:00 [WARN ] [http-nio-8080-exec-9] com.sena.springpoo.filter.RateLimitFilter — 🚫 Rate limit SUPERADO | IP=0:0:0:0:0:0:0:1 | URI=/nuevo/usuarios-productos | método=GET
2026-06-19 09:22:00 [WARN ] [http-nio-8080-exec-10] com.sena.springpoo.filter.RateLimitFilter — 🚫 Rate limit SUPERADO | IP=0:0:0:0:0:0:0:1 | URI=/nuevo/productos | método=GET
2026-06-19 09:22:00 [WARN ] [http-nio-8080-exec-8] com.sena.springpoo.filter.RateLimitFilter — 🚫 Rate limit SUPERADO | IP=0:0:0:0:0:0:0:1 | URI=/nuevo/productos | método=GET
2026-06-19 09:22:00 [WARN ] [http-nio-8080-exec-3] com.sena.springpoo.filter.RateLimitFilter — 🚫 Rate limit SUPERADO | IP=0:0:0:0:0:0:0:1 | URI=/nuevo/usuarios | método=GET
2026-06-19 09:22:00 [WARN ] [http-nio-8080-exec-6] com.sena.springpoo.filter.RateLimitFilter — 🚫 Rate limit SUPERADO | IP=0:0:0:0:0:0:0:1 | URI=/nuevo/usuarios-productos | método=GET
2026-06-19 09:22:00 [WARN ] [http-nio-8080-exec-7] com.sena.springpoo.filter.RateLimitFilter — 🚫 Rate limit SUPERADO | IP=0:0:0:0:0:0:0:1 | URI=/nuevo/productos | método=GET
2026-06-19 09:22:00 [WARN ] [http-nio-8080-exec-4] com.sena.springpoo.filter.RateLimitFilter — 🚫 Rate limit SUPERADO | IP=0:0:0:0:0:0:0:1 | URI=/nuevo/productos | método=GET
2026-06-19 09:22:00 [WARN ] [http-nio-8080-exec-2] com.sena.springpoo.filter.RateLimitFilter — 🚫 Rate limit SUPERADO | IP=0:0:0:0:0:0:0:1 | URI=/nuevo/usuarios | método=GET
2026-06-19 09:22:00 [WARN ] [http-nio-8080-exec-5] com.sena.springpoo.filter.RateLimitFilter — 🚫 Rate limit SUPERADO | IP=0:0:0:0:0:0:0:1 | URI=/nuevo/usuarios-productos | método=GET
2026-06-19 09:22:00 [WARN ] [http-nio-8080-exec-1] com.sena.springpoo.filter.RateLimitFilter — 🚫 Rate limit SUPERADO | IP=0:0:0:0:0:0:0:1 | URI=/nuevo/productos | método=GET
2026-06-19 09:22:00 [WARN ] [http-nio-8080-exec-9] com.sena.springpoo.filter.RateLimitFilter — 🚫 Rate limit SUPERADO | IP=0:0:0:0:0:0:0:1 | URI=/nuevo/usuarios | método=GET
2026-06-19 09:22:00 [WARN ] [http-nio-8080-exec-10] com.sena.springpoo.filter.RateLimitFilter — 🚫 Rate limit SUPERADO | IP=0:0:0:0:0:0:0:1 | URI=/nuevo/productos | método=GET
2026-06-19 09:22:00 [WARN ] [http-nio-8080-exec-3] com.sena.springpoo.filter.RateLimitFilter — 🚫 Rate limit SUPERADO | IP=0:0:0:0:0:0:0:1 | URI=/nuevo/usuarios-productos | método=GET
2026-06-19 09:22:00 [WARN ] [http-nio-8080-exec-8] com.sena.springpoo.filter.RateLimitFilter — 🚫 Rate limit SUPERADO | IP=0:0:0:0:0:0:0:1 | URI=/nuevo/productos | método=GET
2026-06-19 09:22:00 [WARN ] [http-nio-8080-exec-4] com.sena.springpoo.filter.RateLimitFilter — 🚫 Rate limit SUPERADO | IP=0:0:0:0:0:0:0:1 | URI=/nuevo/usuarios-productos | método=GET
2026-06-19 09:22:00 [WARN ] [http-nio-8080-exec-6] com.sena.springpoo.filter.RateLimitFilter — 🚫 Rate limit SUPERADO | IP=0:0:0:0:0:0:0:1 | URI=/nuevo/usuarios | método=GET
2026-06-19 09:22:00 [WARN ] [http-nio-8080-exec-7] com.sena.springpoo.filter.RateLimitFilter — 🚫 Rate limit SUPERADO | IP=0:0:0:0:0:0:0:1 | URI=/nuevo/usuarios-productos | método=GET
2026-06-19 09:22:00 [WARN ] [http-nio-8080-exec-2] com.sena.springpoo.filter.RateLimitFilter — 🚫 Rate limit SUPERADO | IP=0:0:0:0:0:0:0:1 | URI=/nuevo/usuarios | método=GET
2026-06-19 09:22:00 [WARN ] [http-nio-8080-exec-1] com.sena.springpoo.filter.RateLimitFilter — 🚫 Rate limit SUPERADO | IP=0:0:0:0:0:0:0:1 | URI=/nuevo/usuarios-productos | método=GET
2026-06-19 09:22:00 [WARN ] [http-nio-8080-exec-10] com.sena.springpoo.filter.RateLimitFilter — 🚫 Rate limit SUPERADO | IP=0:0:0:0:0:0:0:1 | URI=/nuevo/usuarios | método=GET
2026-06-19 09:22:00 [WARN ] [http-nio-8080-exec-5] com.sena.springpoo.filter.RateLimitFilter — 🚫 Rate limit SUPERADO | IP=0:0:0:0:0:0:0:1 | URI=/nuevo/productos | método=GET
2026-06-19 09:22:00 [WARN ] [http-nio-8080-exec-9] com.sena.springpoo.filter.RateLimitFilter — 🚫 Rate limit SUPERADO | IP=0:0:0:0:0:0:0:1 | URI=/nuevo/productos | método=GET
2026-06-19 09:22:00 [WARN ] [http-nio-8080-exec-3] com.sena.springpoo.filter.RateLimitFilter — 🚫 Rate limit SUPERADO | IP=0:0:0:0:0:0:0:1 | URI=/nuevo/usuarios | método=GET
2026-06-19 09:22:00 [WARN ] [http-nio-8080-exec-4] com.sena.springpoo.filter.RateLimitFilter — 🚫 Rate limit SUPERADO | IP=0:0:0:0:0:0:0:1 | URI=/nuevo/usuarios-productos | método=GET
2026-06-19 09:22:00 [WARN ] [http-nio-8080-exec-8] com.sena.springpoo.filter.RateLimitFilter — 🚫 Rate limit SUPERADO | IP=0:0:0:0:0:0:0:1 | URI=/nuevo/usuarios-productos | método=GET
2026-06-19 09:22:00 [WARN ] [http-nio-8080-exec-6] com.sena.springpoo.filter.RateLimitFilter — 🚫 Rate limit SUPERADO | IP=0:0:0:0:0:0:0:1 | URI=/nuevo/usuarios | método=GET
2026-06-19 09:22:00 [WARN ] [http-nio-8080-exec-7] com.sena.springpoo.filter.RateLimitFilter — 🚫 Rate limit SUPERADO | IP=0:0:0:0:0:0:0:1 | URI=/nuevo/usuarios-productos | método=GET
2026-06-19 09:22:00 [WARN ] [http-nio-8080-exec-2] com.sena.springpoo.filter.RateLimitFilter — 🚫 Rate limit SUPERADO | IP=0:0:0:0:0:0:0:1 | URI=/nuevo/usuarios | método=GET
2026-06-19 09:22:07 [DEBUG] [http-nio-8080-exec-10] com.sena.springpoo.filter.RateLimitFilter — ✅ Rate limit OK | IP=0:0:0:0:0:0:0:1 | URI=/nuevo/prueba1 | tokens restantes=1
2026-06-19 09:22:18 [DEBUG] [http-nio-8080-exec-5] com.sena.springpoo.filter.RateLimitFilter — ✅ Rate limit OK | IP=0:0:0:0:0:0:0:1 | URI=/nuevo/prueba | tokens restantes=1
2026-06-19 09:22:18 [WARN ] [http-nio-8080-exec-3] com.sena.springpoo.filter.RateLimitFilter — 🚫 Rate limit SUPERADO | IP=0:0:0:0:0:0:0:1 | URI=/nuevo/usuarios | método=GET
2026-06-19 09:22:18 [DEBUG] [http-nio-8080-exec-1] com.sena.springpoo.filter.RateLimitFilter — ✅ Rate limit OK | IP=0:0:0:0:0:0:0:1 | URI=/nuevo/productos | tokens restantes=0
2026-06-19 09:25:02 [DEBUG] [http-nio-8080-exec-10] com.sena.springpoo.filter.RateLimitFilter — ✅ Rate limit OK | IP=0:0:0:0:0:0:0:1 | URI=/nuevo/productos/2 | tokens restantes=9
2026-06-19 09:25:02 [DEBUG] [http-nio-8080-exec-5] com.sena.springpoo.filter.RateLimitFilter — ✅ Rate limit OK | IP=0:0:0:0:0:0:0:1 | URI=/nuevo/productos | tokens restantes=8
2026-06-19 09:25:19 [DEBUG] [http-nio-8080-exec-3] com.sena.springpoo.filter.RateLimitFilter — ✅ Rate limit OK | IP=0:0:0:0:0:0:0:1 | URI=/nuevo/productos/17 | tokens restantes=9
2026-06-19 09:38:29 [DEBUG] [http-nio-8080-exec-9] com.sena.springpoo.filter.RateLimitFilter — ✅ Rate limit OK | IP=0:0:0:0:0:0:0:1 | URI=/nuevo/productos | tokens restantes=9
2026-06-19 09:40:25 [DEBUG] [http-nio-8080-exec-6] com.sena.springpoo.filter.RateLimitFilter — ✅ Rate limit OK | IP=0:0:0:0:0:0:0:1 | URI=/nuevo/usuarios-productos | tokens restantes=9
2026-06-19 10:01:39 [WARN ] [HikariPool-1:housekeeper] com.zaxxer.hikari.pool.PoolBase — HikariPool-1 - Failed to validate connection com.mysql.cj.jdbc.ConnectionImpl@3e756f11 (No operations allowed after connection closed.). Possibly consider using a shorter maxLifetime value.
2026-06-19 10:01:41 [WARN ] [HikariPool-1:housekeeper] com.zaxxer.hikari.pool.PoolBase — HikariPool-1 - Failed to validate connection com.mysql.cj.jdbc.ConnectionImpl@30dcf4de (No operations allowed after connection closed.). Possibly consider using a shorter maxLifetime value.
2026-06-19 10:01:55 [WARN ] [HikariPool-1:housekeeper] com.zaxxer.hikari.pool.PoolBase — HikariPool-1 - Failed to validate connection com.mysql.cj.jdbc.ConnectionImpl@49c35cdb (No operations allowed after connection closed.). Possibly consider using a shorter maxLifetime value.
2026-06-19 10:02:06 [WARN ] [HikariPool-1:housekeeper] com.zaxxer.hikari.pool.PoolBase — HikariPool-1 - Failed to validate connection com.mysql.cj.jdbc.ConnectionImpl@655b5b38 (No operations allowed after connection closed.). Possibly consider using a shorter maxLifetime value.
2026-06-19 10:02:41 [WARN ] [HikariPool-1:housekeeper] com.zaxxer.hikari.pool.PoolBase — HikariPool-1 - Failed to validate connection com.mysql.cj.jdbc.ConnectionImpl@61808e58 (No operations allowed after connection closed.). Possibly consider using a shorter maxLifetime value.
